ASxxxx Linker V03.00/V05.40 + sdld,  page 1.
Hexadecimal  [32-Bits]

Area                                    Addr        Size        Decimal Bytes (Attributes)
--------------------------------        ----        ----        ------- ----- ------------
.  .ABS.                            00000000    00000000 =           0. bytes (ABS,CON)

      Value  Global                              Global Defined In Module
      -----  --------------------------------   ------------------------
     00000000  .__.ABS.                           
     00000000  _rRAMG                             
     00000000  l__BASE                         
     00000000  l__BSS                          
     00000000  l__CABS                         
     00000000  l__CODE_0                       
     00000000  l__CRASH_HEADER                 
     00000000  l__CRASH_SCRATCH                
     00000000  l__DABS                         
     00000000  l__HEADER                       
     00000000  l__HEADER_LCD                   
     00000000  l__HEADER_SIO                   
     00000000  l__HEADER_TIMER                 
     00000000  l__HEAP                         
     00000000  l__HEAP_END                     
     00000000  l__HRAM                         
     00000000  l__LIT                          
     00000000  s__CABS                         
     00000000  s__CRASH_HEADER                 
     00000000  s__CRASH_HEADER0                
     00000000  s__CRASH_HEADER1                
     00000000  s__CRASH_SCRATCH                
     00000000  s__CRASH_SCRATCH2               
     00000000  s__DABS                         
     00000000  s__HEADER                       
     00000000  s__HEADER0                      
     00000000  s__HEADER1                      
     00000000  s__HEADER10                     
     00000000  s__HEADER11                     
     00000000  s__HEADER2                      
     00000000  s__HEADER3                      
     00000000  s__HEADER4                      
     00000000  s__HEADER5                      
     00000000  s__HEADER6                      
     00000000  s__HEADER7                      
     00000000  s__HEADER8                      
     00000000  s__HEADER9                      
     00000000  s__HEADER_LCD                   
     00000000  s__HEADER_LCD0                  
     00000000  s__HEADER_SIO                   
     00000000  s__HEADER_SIO0                  
     00000000  s__HEADER_TIMER                 
     00000000  s__HEADER_TIMER0                
     00000000  s__HEADERa                      
     00000000  s__HEADERb                      
     00000000  s__HEADERc                      
     00000000  s__HEADERd                      
     00000000  s__HEADERe                      
     00000000  s__HEADERf                      
     00000000  s__HRAM                         
ASxxxx Linker V03.00/V05.40 + sdld,  page 2.
Hexadecimal  [32-Bits]

Area                                    Addr        Size        Decimal Bytes (Attributes)
--------------------------------        ----        ----        ------- ----- ------------
.  .ABS.                            00000000    00000000 =           0. bytes (ABS,CON)

      Value  Global                              Global Defined In Module
      -----  --------------------------------   ------------------------
     00000000  s__HRAM12                       
     00000001  ___bank_SGB_border_chr             border
     00000001  ___bank_SGB_border_map             border
     00000001  ___bank_SGB_border_pal             border
     00000001  ___bank_VM_SGB                     vm_sgb
     00000001  ___bank_scene_house_sprites        scene_house_sprites
     00000001  ___bank_song_song_template_Data    song_song_template_Data
     00000001  b_ui_draw_frame                    ui
     00000001  b_ui_draw_text_buffer_char         ui
     00000001  b_ui_init                          ui
     00000001  b_ui_load_tiles                    ui
     00000001  b_ui_run_menu                      ui
     00000001  b_ui_run_modal                     ui
     00000001  b_ui_set_start_tile                ui
     00000001  l__GSFINAL                      
     00000001  l__HEADER0                      
     00000001  l__HEADER5                      
     00000001  l__HEADERa                      
     00000001  l__HEADERb                      
     00000001  l__HEADERc                      
     00000001  l__HEADERe                      
     00000001  l__HEADERf                      
     00000002  ___bank_ACTOR                      actor
     00000002  ___bank_VM_ACTOR                   vm_actor
     00000002  ___bank_script_engine_init         
     00000002  b_activate_actor                   actor
     00000002  b_activate_actors_in_col           actor
     00000002  b_activate_actors_in_row           actor
     00000002  b_actor_at_tile                    actor
     00000002  b_actor_get_frame_offset           actor
     00000002  b_actor_in_front_of_player         actor
     00000002  b_actor_overlapping_bb             actor
     00000002  b_actor_overlapping_player         actor
     00000002  b_actor_set_anim_idle              actor
     00000002  b_actor_set_anim_moving            actor
     00000002  b_actor_set_dir                    actor
     00000002  b_actor_set_frame_offset           actor
     00000002  b_actor_set_frames                 actor
     00000002  b_actors_handle_player_collision   actor
     00000002  b_actors_init                      actor
     00000002  b_check_collision_in_direction     actor
     00000002  b_deactivate_actor                 actor
     00000002  b_platform_init                    platform
     00000002  b_platform_update                  platform
     00000002  b_player_init                      actor
     00000002  b_vm_actor_activate                vm_actor
     00000002  b_vm_actor_begin_update            vm_actor
     00000002  b_vm_actor_deactivate              vm_actor
     00000002  b_vm_actor_emote                   vm_actor
     00000002  b_vm_actor_get_angle               vm_actor
     00000002  b_vm_actor_get_anim_frame          vm_actor
ASxxxx Linker V03.00/V05.40 + sdld,  page 3.
Hexadecimal  [32-Bits]

Area                                    Addr        Size        Decimal Bytes (Attributes)
--------------------------------        ----        ----        ------- ----- ------------
.  .ABS.                            00000000    00000000 =           0. bytes (ABS,CON)

      Value  Global                              Global Defined In Module
      -----  --------------------------------   ------------------------
     00000002  b_vm_actor_get_dir                 vm_actor
     00000002  b_vm_actor_get_pos                 vm_actor
     00000002  b_vm_actor_move_cancel             vm_actor
     00000002  b_vm_actor_move_to                 vm_actor
     00000002  b_vm_actor_replace_tile            vm_actor
     00000002  b_vm_actor_set_anim                vm_actor
     00000002  b_vm_actor_set_anim_frame          vm_actor
     00000002  b_vm_actor_set_anim_set            vm_actor
     00000002  b_vm_actor_set_anim_tick           vm_actor
     00000002  b_vm_actor_set_bounds              vm_actor
     00000002  b_vm_actor_set_dir                 vm_actor
     00000002  b_vm_actor_set_flags               vm_actor
     00000002  b_vm_actor_set_move_speed          vm_actor
     00000002  b_vm_actor_set_pos                 vm_actor
     00000002  b_vm_actor_set_spritesheet         vm_actor
     00000002  b_vm_actor_set_spritesheet_by_re   vm_actor
     00000002  b_vm_actor_terminate_update        vm_actor
     00000002  l__HEADER10                     
     00000002  l__HEADER6                      
     00000002  l__HEADERd                      
     00000003  ___bank_VM_MAIN                    vm
     00000003  ___bank_bg_paper_tileset           bg_paper_tileset
     00000003  ___bank_bg_warehouse_tileset       bg_warehouse_tileset
     00000003  ___bank_font_gbs_mono              font_gbs_mono
     00000003  ___bank_scene_15_init              scene_15_init
     00000003  b_do_load_palette                  data_manager
     00000003  b_load_background                  data_manager
     00000003  b_load_bkg_tileset                 data_manager
     00000003  b_load_bounds                      data_manager
     00000003  b_load_emote                       data_manager
     00000003  b_load_init                        data_manager
     00000003  b_load_player                      data_manager
     00000003  b_load_scene                       data_manager
     00000003  b_load_sprite                      data_manager
     00000003  b_script_detach_hthread            vm
     00000003  b_script_execute                   vm
     00000003  b_script_runner_init               vm
     00000003  b_script_terminate                 vm
     00000003  b_vm_call                          vm
     00000003  b_vm_call_far                      vm
     00000003  b_vm_get_indirect                  vm
     00000003  b_vm_get_int16                     vm
     00000003  b_vm_get_int8                      vm
     00000003  b_vm_get_tlocal                    vm
     00000003  b_vm_get_uint8                     vm
     00000003  b_vm_idle                          vm
     00000003  b_vm_if                            vm
     00000003  b_vm_if_const                      vm
     00000003  b_vm_init_rng                      vm
     00000003  b_vm_invoke                        vm
     00000003  b_vm_join                          vm
ASxxxx Linker V03.00/V05.40 + sdld,  page 4.
Hexadecimal  [32-Bits]

Area                                    Addr        Size        Decimal Bytes (Attributes)
--------------------------------        ----        ----        ------- ----- ------------
.  .ABS.                            00000000    00000000 =           0. bytes (ABS,CON)

      Value  Global                              Global Defined In Module
      -----  --------------------------------   ------------------------
     00000003  b_vm_jump                          vm
     00000003  b_vm_lock                          vm
     00000003  b_vm_loop                          vm
     00000003  b_vm_memcpy                        vm
     00000003  b_vm_memset                        vm
     00000003  b_vm_poll_loaded                   vm
     00000003  b_vm_pop                           vm
     00000003  b_vm_push                          vm
     00000003  b_vm_push_reference                vm
     00000003  b_vm_push_value                    vm
     00000003  b_vm_push_value_ind                vm
     00000003  b_vm_raise                         vm
     00000003  b_vm_rand                          vm
     00000003  b_vm_reserve                       vm
     00000003  b_vm_ret                           vm
     00000003  b_vm_ret_far                       vm
     00000003  b_vm_set                           vm
     00000003  b_vm_set_const                     vm
     00000003  b_vm_set_const_int16               vm
     00000003  b_vm_set_const_int8                vm
     00000003  b_vm_set_indirect                  vm
     00000003  b_vm_set_int16                     vm
     00000003  b_vm_set_int8                      vm
     00000003  b_vm_set_uint8                     vm
     00000003  b_vm_terminate                     vm
     00000003  b_vm_test_terminate                vm
     00000003  b_vm_unlock                        vm
     00000003  b_wait_frames                      vm
     00000003  l__HEADER9                      
     00000003  l__HEADER_LCD0                  
     00000003  l__HRAM12                       
     00000004  ___bank_VM_UI                      vm_ui
     00000004  ___bank_bg_outside_tileset         bg_outside_tileset
     00000004  ___bank_bg_streets_tileset         bg_streets_tileset
     00000004  ___bank_bg_warehouseinside_tiles   bg_warehouseinside_tileset
     00000004  ___bank_scene_15_triggers          scene_15_triggers
     00000004  b_adventure_init                   adventure
     00000004  b_adventure_update                 adventure
     00000004  b_atan2                            math_atan2
     00000004  b_scroll_init                      scroll
     00000004  b_scroll_repaint                   scroll
     00000004  b_scroll_reset                     scroll
     00000004  b_scroll_update                    scroll
     00000004  b_shmup_init                       shmup
     00000004  b_shmup_update                     shmup
     00000004  b_topdown_init                     topdown
     00000004  b_topdown_update                   topdown
     00000004  b_vm_choice                        vm_ui
     00000004  b_vm_display_text                  vm_ui
     00000004  b_vm_overlay_clear                 vm_ui
     00000004  b_vm_overlay_move_to               vm_ui
ASxxxx Linker V03.00/V05.40 + sdld,  page 5.
Hexadecimal  [32-Bits]

Area                                    Addr        Size        Decimal Bytes (Attributes)
--------------------------------        ----        ----        ------- ----- ------------
.  .ABS.                            00000000    00000000 =           0. bytes (ABS,CON)

      Value  Global                              Global Defined In Module
      -----  --------------------------------   ------------------------
     00000004  b_vm_overlay_scroll                vm_ui
     00000004  b_vm_overlay_set_map               vm_ui
     00000004  b_vm_overlay_set_scroll            vm_ui
     00000004  b_vm_overlay_set_submap            vm_ui
     00000004  b_vm_overlay_set_submap_ex         vm_ui
     00000004  b_vm_overlay_setpos                vm_ui
     00000004  b_vm_overlay_show                  vm_ui
     00000004  b_vm_overlay_wait                  vm_ui
     00000004  b_vm_set_font                      vm_ui
     00000004  b_vm_set_text_sound                vm_ui
     00000004  b_vm_switch_text_layer             vm_ui
     00000004  l__CRASH_HEADER1                
     00000004  l__HEADER_SIO0                  
     00000004  l__HEADER_TIMER0                
     00000005  ___bank_VM_GAMEBOY                 vm_gameboy
     00000005  ___bank_bg_logo_tileset            bg_logo_tileset
     00000005  ___bank_bg_outside_tilemap         bg_outside_tilemap
     00000005  ___bank_bg_outside_tilemap_attr    bg_outside_tilemap_attr
     00000005  ___bank_bg_stars_tilemap           bg_stars_tilemap
     00000005  ___bank_bg_underground_tilemap     bg_underground_tilemap
     00000005  ___bank_bg_warehouseinside_tilem   bg_warehouseinside_tilemap
     00000005  ___bank_scene_11_collisions        scene_11_collisions
     00000005  ___bank_scene_outside_collisions   scene_outside_collisions
     00000005  ___bank_scene_stars_collisions     scene_stars_collisions
     00000005  ___bank_script_2                   script_2
     00000005  ___bank_sprite_player              sprite_player
     00000005  ___bank_sprite_player_tileset      sprite_player_tileset
     00000005  b_core_reset                       core
     00000005  b_core_run                         core
     00000005  b_parallax_init                    parallax
     00000005  b_projectile_launch                projectiles
     00000005  b_projectiles_init                 projectiles
     00000005  b_vm_context_prepare               vm_gameboy
     00000005  b_vm_fade                          vm_gameboy
     00000005  b_vm_get_tile_xy                   vm_gameboy
     00000005  b_vm_input_attach                  vm_gameboy
     00000005  b_vm_input_detach                  vm_gameboy
     00000005  b_vm_input_get                     vm_gameboy
     00000005  b_vm_input_wait                    vm_gameboy
     00000005  b_vm_load_tiles                    vm_gameboy
     00000005  b_vm_load_tileset                  vm_gameboy
     00000005  b_vm_poll                          vm_gameboy
     00000005  b_vm_replace_tile                  vm_gameboy
     00000005  b_vm_replace_tile_xy               vm_gameboy
     00000005  b_vm_rumble                        vm_gameboy
     00000005  b_vm_set_sprite_mode               vm_gameboy
     00000005  b_vm_set_sprites_visible           vm_gameboy
     00000005  b_vm_timer_prepare                 vm_gameboy
     00000005  b_vm_timer_reset                   vm_gameboy
     00000005  b_vm_timer_set                     vm_gameboy
     00000005  b_vm_timer_stop                    vm_gameboy
ASxxxx Linker V03.00/V05.40 + sdld,  page 6.
Hexadecimal  [32-Bits]

Area                                    Addr        Size        Decimal Bytes (Attributes)
--------------------------------        ----        ----        ------- ----- ------------
.  .ABS.                            00000000    00000000 =           0. bytes (ABS,CON)

      Value  Global                              Global Defined In Module
      -----  --------------------------------   ------------------------
     00000005  l__CRASH_HEADER0                
     00000005  l__HEADER1                      
     00000006  ___bank_VM_CAMERA                  vm_camera
     00000006  ___bank_VM_PALETTE                 vm_palette
     00000006  ___bank_VM_SIO                     vm_sio
     00000006  ___bank_bg_cave_tileset            bg_cave_tileset
     00000006  ___bank_bg_menu_tileset            bg_menu_tileset
     00000006  ___bank_bg_pawn_tileset            bg_pawn_tileset
     00000006  ___bank_bg_streets_tilemap         bg_streets_tilemap
     00000006  ___bank_bg_streets_tilemap_attr    bg_streets_tilemap_attr
     00000006  ___bank_bg_testbg_tileset          bg_testbg_tileset
     00000006  ___bank_bg_titlescreen_tileset     bg_titlescreen_tileset
     00000006  ___bank_bg_underground_tileset     bg_underground_tileset
     00000006  ___bank_bg_warehousesmall_tilese   bg_warehousesmall_tileset
     00000006  ___bank_bg_warehousetop_tileset    bg_warehousetop_tileset
     00000006  ___bank_scene_11_actors            scene_11_actors
     00000006  ___bank_scene_14_collisions        scene_14_collisions
     00000006  ___bank_scene_outside_actors       scene_outside_actors
     00000006  ___bank_scene_underground_collis   scene_underground_collisions
     00000006  ___bank_sprite_crate_tileset       sprite_crate_tileset
     00000006  b___HandleCrash_banked             
     00000006  b_camera_shake_frames              vm_camera
     00000006  b_data_clear                       load_save
     00000006  b_data_init                        load_save
     00000006  b_data_load                        load_save
     00000006  b_data_peek                        load_save
     00000006  b_data_save                        load_save
     00000006  b_fade_applypalettechange          fade_manager
     00000006  b_fade_in                          fade_manager
     00000006  b_fade_in_modal                    fade_manager
     00000006  b_fade_init                        fade_manager
     00000006  b_fade_out                         fade_manager
     00000006  b_fade_out_modal                   fade_manager
     00000006  b_fade_setspeed                    fade_manager
     00000006  b_fade_update                      fade_manager
     00000006  b_gbprinter_detect                 gbprinter
     00000006  b_gbprinter_print_overlay          gbprinter
     00000006  b_pointnclick_init                 pointnclick
     00000006  b_pointnclick_update               pointnclick
     00000006  b_trigger_activate_at              trigger
     00000006  b_trigger_activate_at_intersecti   trigger
     00000006  b_trigger_at_intersection          trigger
     00000006  b_trigger_at_tile                  trigger
     00000006  b_trigger_interact                 trigger
     00000006  b_trigger_reset                    trigger
     00000006  b_vm_camera_move_to                vm_camera
     00000006  b_vm_camera_set_pos                vm_camera
     00000006  b_vm_load_palette                  vm_palette
     00000006  b_vm_sio_exchange                  vm_sio
     00000006  b_vm_sio_set_mode                  vm_sio
     00000006  l__HEADER8                      
ASxxxx Linker V03.00/V05.40 + sdld,  page 7.
Hexadecimal  [32-Bits]

Area                                    Addr        Size        Decimal Bytes (Attributes)
--------------------------------        ----        ----        ------- ----- ------------
.  .ABS.                            00000000    00000000 =           0. bytes (ABS,CON)

      Value  Global                              Global Defined In Module
      -----  --------------------------------   ------------------------
     00000007  ___bank_VM_MATH                    vm_math
     00000007  ___bank_VM_MUSIC                   vm_music
     00000007  ___bank_VM_RTC                     vm_rtc
     00000007  ___bank_actor_3_update             actor_3_update
     00000007  ___bank_actor_67_interact          actor_67_interact
     00000007  ___bank_actor_ice_block_interact   actor_ice_block_interact
     00000007  ___bank_bg_cave_tilemap            bg_cave_tilemap
     00000007  ___bank_bg_cave_tilemap_attr       bg_cave_tilemap_attr
     00000007  ___bank_bg_house_tilemap           bg_house_tilemap
     00000007  ___bank_bg_house_tileset           bg_house_tileset
     00000007  ___bank_bg_logo_tilemap            bg_logo_tilemap
     00000007  ___bank_bg_menu_tilemap            bg_menu_tilemap
     00000007  ___bank_bg_paper_tilemap           bg_paper_tilemap
     00000007  ___bank_bg_pawn_tilemap            bg_pawn_tilemap
     00000007  ___bank_bg_testbg_tilemap          bg_testbg_tilemap
     00000007  ___bank_bg_titlescreen_tilemap     bg_titlescreen_tilemap
     00000007  ___bank_bg_warehouse_tilemap       bg_warehouse_tilemap
     00000007  ___bank_bg_warehouse_tilemap_att   bg_warehouse_tilemap_attr
     00000007  ___bank_bg_warehousesmall_tilema   bg_warehousesmall_tilemap
     00000007  ___bank_bg_warehousesmall_tilema   bg_warehousesmall_tilemap_at
     00000007  ___bank_bg_warehousetop_tilemap    bg_warehousetop_tilemap
     00000007  ___bank_scene_10_actors            scene_10_actors
     00000007  ___bank_scene_10_collisions        scene_10_collisions
     00000007  ___bank_scene_12_actors            scene_12_actors
     00000007  ___bank_scene_12_collisions        scene_12_collisions
     00000007  ___bank_scene_13_collisions        scene_13_collisions
     00000007  ___bank_scene_15_collisions        scene_15_collisions
     00000007  ___bank_scene_16_collisions        scene_16_collisions
     00000007  ___bank_scene_9_collisions         scene_9_collisions
     00000007  ___bank_scene_cave_actors          scene_cave_actors
     00000007  ___bank_scene_cave_collisions      scene_cave_collisions
     00000007  ___bank_scene_house_actors         scene_house_actors
     00000007  ___bank_scene_house_collisions     scene_house_collisions
     00000007  ___bank_scene_logo_collisions      scene_logo_collisions
     00000007  ___bank_scene_menu_actors          scene_menu_actors
     00000007  ___bank_scene_menu_collisions      scene_menu_collisions
     00000007  ___bank_scene_title_screen_colli   scene_title_screen_collision
     00000007  ___bank_scene_title_screen_init    scene_title_screen_init
     00000007  ___bank_scene_underground_actors   scene_underground_actors
     00000007  ___bank_script_10                  script_10
     00000007  ___bank_script_11                  script_11
     00000007  ___bank_sprite_fire_tileset        sprite_fire_tileset
     00000007  ___bank_sprite_npc003_tileset      sprite_npc003_tileset
     00000007  ___bank_trigger_21_interact        trigger_21_interact
     00000007  ___bank_trigger_39_interact        trigger_39_interact
     00000007  b_erase_flash                      
     00000007  b_itoa_fmt                         vm_ui_a
     00000007  b_save_sram_banks                  
     00000007  b_set_sgb_border                   sgb_border
     00000007  b_vm_cos_scale                     vm_math
     00000007  b_vm_music_mute                    vm_music
ASxxxx Linker V03.00/V05.40 + sdld,  page 8.
Hexadecimal  [32-Bits]

Area                                    Addr        Size        Decimal Bytes (Attributes)
--------------------------------        ----        ----        ------- ----- ------------
.  .ABS.                            00000000    00000000 =           0. bytes (ABS,CON)

      Value  Global                              Global Defined In Module
      -----  --------------------------------   ------------------------
     00000007  b_vm_music_play                    vm_music
     00000007  b_vm_music_routine                 vm_music
     00000007  b_vm_music_setpos                  vm_music
     00000007  b_vm_music_stop                    vm_music
     00000007  b_vm_rtc_get                       vm_rtc
     00000007  b_vm_rtc_latch                     vm_rtc
     00000007  b_vm_rtc_set                       vm_rtc
     00000007  b_vm_rtc_start                     vm_rtc
     00000007  b_vm_sfx_play                      vm_music
     00000007  b_vm_sin_scale                     vm_math
     00000007  b_vm_sound_mastervol               vm_music
     00000007  l__HEADER2                      
     00000008  ___bank_VM_GBPRINTER               vm_gbprinter
     00000008  ___bank_VM_LOAD_SAVE               vm_load_save
     00000008  ___bank_VM_PROJECTILE              vm_projectiles
     00000008  ___bank_VM_SCENE                   vm_scene
     00000008  ___bank_actor_0_interact           actor_0_interact
     00000008  ___bank_actor_12_interact          actor_12_interact
     00000008  ___bank_actor_13_interact          actor_13_interact
     00000008  ___bank_actor_14_interact          actor_14_interact
     00000008  ___bank_actor_15_interact          actor_15_interact
     00000008  ___bank_actor_16_interact          actor_16_interact
     00000008  ___bank_actor_17_interact          actor_17_interact
     00000008  ___bank_actor_18_interact          actor_18_interact
     00000008  ___bank_actor_19_interact          actor_19_interact
     00000008  ___bank_actor_2_interact           actor_2_interact
     00000008  ___bank_actor_31_interact          actor_31_interact
     00000008  ___bank_actor_32_interact          actor_32_interact
     00000008  ___bank_actor_35_interact          actor_35_interact
     00000008  ___bank_actor_38_interact          actor_38_interact
     00000008  ___bank_actor_39_interact          actor_39_interact
     00000008  ___bank_actor_3_interact           actor_3_interact
     00000008  ___bank_actor_40_interact          actor_40_interact
     00000008  ___bank_actor_41_interact          actor_41_interact
     00000008  ___bank_actor_42_interact          actor_42_interact
     00000008  ___bank_actor_43_interact          actor_43_interact
     00000008  ___bank_actor_44_interact          actor_44_interact
     00000008  ___bank_actor_46_interact          actor_46_interact
     00000008  ___bank_actor_47_interact          actor_47_interact
     00000008  ___bank_actor_48_interact          actor_48_interact
     00000008  ___bank_actor_49_interact          actor_49_interact
     00000008  ___bank_actor_50_interact          actor_50_interact
     00000008  ___bank_actor_52_interact          actor_52_interact
     00000008  ___bank_actor_53_interact          actor_53_interact
     00000008  ___bank_actor_5_interact           actor_5_interact
     00000008  ___bank_actor_62_interact          actor_62_interact
     00000008  ___bank_actor_64_interact          actor_64_interact
     00000008  ___bank_actor_65_interact          actor_65_interact
     00000008  ___bank_actor_66_interact          actor_66_interact
     00000008  ___bank_actor_6_interact           actor_6_interact
     00000008  ___bank_actor_9_interact           actor_9_interact
ASxxxx Linker V03.00/V05.40 + sdld,  page 9.
Hexadecimal  [32-Bits]

Area                                    Addr        Size        Decimal Bytes (Attributes)
--------------------------------        ----        ----        ------- ----- ------------
.  .ABS.                            00000000    00000000 =           0. bytes (ABS,CON)

      Value  Global                              Global Defined In Module
      -----  --------------------------------   ------------------------
     00000008  ___bank_actor_rock_1_interact      actor_rock_1_interact
     00000008  ___bank_actor_rock_2_interact      actor_rock_2_interact
     00000008  ___bank_actor_rock_3_interact      actor_rock_3_interact
     00000008  ___bank_bg_stars_tileset           bg_stars_tileset
     00000008  ___bank_emote_pause                emote_pause
     00000008  ___bank_frame_image                frame_image
     00000008  ___bank_palette_0                  palette_0
     00000008  ___bank_palette_1                  palette_1
     00000008  ___bank_scene_10                   scene_10
     00000008  ___bank_scene_10_init              scene_10_init
     00000008  ___bank_scene_10_triggers          scene_10_triggers
     00000008  ___bank_scene_11                   scene_11
     00000008  ___bank_scene_11_init              scene_11_init
     00000008  ___bank_scene_11_triggers          scene_11_triggers
     00000008  ___bank_scene_12                   scene_12
     00000008  ___bank_scene_12_init              scene_12_init
     00000008  ___bank_scene_12_triggers          scene_12_triggers
     00000008  ___bank_scene_13                   scene_13
     00000008  ___bank_scene_13_actors            scene_13_actors
     00000008  ___bank_scene_13_init              scene_13_init
     00000008  ___bank_scene_14                   scene_14
     00000008  ___bank_scene_14_actors            scene_14_actors
     00000008  ___bank_scene_14_init              scene_14_init
     00000008  ___bank_scene_15                   scene_15
     00000008  ___bank_scene_15_actors            scene_15_actors
     00000008  ___bank_scene_16                   scene_16
     00000008  ___bank_scene_9                    scene_9
     00000008  ___bank_scene_cave                 scene_cave
     00000008  ___bank_scene_house                scene_house
     00000008  ___bank_scene_logo                 scene_logo
     00000008  ___bank_scene_logo_init            scene_logo_init
     00000008  ___bank_scene_menu                 scene_menu
     00000008  ___bank_scene_menu_init            scene_menu_init
     00000008  ___bank_scene_outside              scene_outside
     00000008  ___bank_scene_outside_init         scene_outside_init
     00000008  ___bank_scene_outside_triggers     scene_outside_triggers
     00000008  ___bank_scene_stars                scene_stars
     00000008  ___bank_scene_stars_actors         scene_stars_actors
     00000008  ___bank_scene_title_screen         scene_title_screen
     00000008  ___bank_scene_underground          scene_underground
     00000008  ___bank_scene_underground_init     scene_underground_init
     00000008  ___bank_script_12                  script_12
     00000008  ___bank_script_14                  script_14
     00000008  ___bank_script_3                   script_3
     00000008  ___bank_script_4                   script_4
     00000008  ___bank_script_6                   script_6
     00000008  ___bank_script_7                   script_7
     00000008  ___bank_script_8                   script_8
     00000008  ___bank_script_9                   script_9
     00000008  ___bank_sprite_block               sprite_block
     00000008  ___bank_sprite_block_tileset       sprite_block_tileset
ASxxxx Linker V03.00/V05.40 + sdld,  page 10.
Hexadecimal  [32-Bits]

Area                                    Addr        Size        Decimal Bytes (Attributes)
--------------------------------        ----        ----        ------- ----- ------------
.  .ABS.                            00000000    00000000 =           0. bytes (ABS,CON)

      Value  Global                              Global Defined In Module
      -----  --------------------------------   ------------------------
     00000008  ___bank_sprite_boots               sprite_boots
     00000008  ___bank_sprite_boots_tileset       sprite_boots_tileset
     00000008  ___bank_sprite_breakable           sprite_breakable
     00000008  ___bank_sprite_breakable_tileset   sprite_breakable_tileset
     00000008  ___bank_sprite_cat                 sprite_cat
     00000008  ___bank_sprite_cat_tileset         sprite_cat_tileset
     00000008  ___bank_sprite_checkbox            sprite_checkbox
     00000008  ___bank_sprite_checkbox_tileset    sprite_checkbox_tileset
     00000008  ___bank_sprite_coin                sprite_coin
     00000008  ___bank_sprite_coin_tileset        sprite_coin_tileset
     00000008  ___bank_sprite_crate               sprite_crate
     00000008  ___bank_sprite_dog                 sprite_dog
     00000008  ___bank_sprite_dog_tileset         sprite_dog_tileset
     00000008  ___bank_sprite_duck                sprite_duck
     00000008  ___bank_sprite_duck_tileset        sprite_duck_tileset
     00000008  ___bank_sprite_fire                sprite_fire
     00000008  ___bank_sprite_flippers            sprite_flippers
     00000008  ___bank_sprite_flippers_tileset    sprite_flippers_tileset
     00000008  ___bank_sprite_grapnel             sprite_grapnel
     00000008  ___bank_sprite_grapnel_tileset     sprite_grapnel_tileset
     00000008  ___bank_sprite_grapplinghook       sprite_grapplinghook
     00000008  ___bank_sprite_grapplinghook_til   sprite_grapplinghook_tileset
     00000008  ___bank_sprite_ice                 sprite_ice
     00000008  ___bank_sprite_ice_tileset         sprite_ice_tileset
     00000008  ___bank_sprite_key                 sprite_key
     00000008  ___bank_sprite_key_tileset         sprite_key_tileset
     00000008  ___bank_sprite_ladder              sprite_ladder
     00000008  ___bank_sprite_locked              sprite_locked
     00000008  ___bank_sprite_npc001              sprite_npc001
     00000008  ___bank_sprite_npc001_tileset      sprite_npc001_tileset
     00000008  ___bank_sprite_npc002              sprite_npc002
     00000008  ___bank_sprite_npc002_tileset      sprite_npc002_tileset
     00000008  ___bank_sprite_npc003              sprite_npc003
     00000008  ___bank_sprite_owner               sprite_owner
     00000008  ___bank_sprite_owner_tileset       sprite_owner_tileset
     00000008  ___bank_sprite_radio               sprite_radio
     00000008  ___bank_sprite_radio_tileset       sprite_radio_tileset
     00000008  ___bank_sprite_rock                sprite_rock
     00000008  ___bank_sprite_rock_tileset        sprite_rock_tileset
     00000008  ___bank_sprite_rope                sprite_rope
     00000008  ___bank_sprite_rope_tileset        sprite_rope_tileset
     00000008  ___bank_sprite_sage                sprite_sage
     00000008  ___bank_sprite_sage_tileset        sprite_sage_tileset
     00000008  ___bank_sprite_savepoint           sprite_savepoint
     00000008  ___bank_sprite_savepoint_tileset   sprite_savepoint_tileset
     00000008  ___bank_sprite_shadow              sprite_shadow
     00000008  ___bank_sprite_signpost_tileset    sprite_signpost_tileset
     00000008  ___bank_sprite_silhouette_tilese   sprite_silhouette_tileset
     00000008  ___bank_sprite_switch              sprite_switch
     00000008  ___bank_sprite_switch2             sprite_switch2
     00000008  ___bank_sprite_switch2_tileset     sprite_switch2_tileset
ASxxxx Linker V03.00/V05.40 + sdld,  page 11.
Hexadecimal  [32-Bits]

Area                                    Addr        Size        Decimal Bytes (Attributes)
--------------------------------        ----        ----        ------- ----- ------------
.  .ABS.                            00000000    00000000 =           0. bytes (ABS,CON)

      Value  Global                              Global Defined In Module
      -----  --------------------------------   ------------------------
     00000008  ___bank_sprite_switch_tileset      sprite_switch_tileset
     00000008  ___bank_sprite_torch_tileset       sprite_torch_tileset
     00000008  ___bank_trigger_12_interact        trigger_12_interact
     00000008  ___bank_trigger_13_interact        trigger_13_interact
     00000008  ___bank_trigger_15_interact        trigger_15_interact
     00000008  ___bank_trigger_20_interact        trigger_20_interact
     00000008  ___bank_trigger_24_interact        trigger_24_interact
     00000008  ___bank_trigger_28_interact        trigger_28_interact
     00000008  ___bank_trigger_30_interact        trigger_30_interact
     00000008  ___bank_trigger_45_interact        trigger_45_interact
     00000008  ___bank_trigger_46_interact        trigger_46_interact
     00000008  ___bank_trigger_47_interact        trigger_47_interact
     00000008  ___bank_trigger_48_interact        trigger_48_interact
     00000008  ___bank_trigger_49_interact        trigger_49_interact
     00000008  ___bank_trigger_50_interact        trigger_50_interact
     00000008  ___bank_trigger_51_interact        trigger_51_interact
     00000008  ___bank_trigger_52_interact        trigger_52_interact
     00000008  ___bank_trigger_53_interact        trigger_53_interact
     00000008  ___bank_trigger_54_interact        trigger_54_interact
     00000008  ___bank_trigger_55_interact        trigger_55_interact
     00000008  ___bank_trigger_68_interact        trigger_68_interact
     00000008  ___bank_trigger_69_interact        trigger_69_interact
     00000008  ___bank_trigger_73_interact        trigger_73_interact
     00000008  ___bank_trigger_75_interact        trigger_75_interact
     00000008  ___bank_trigger_7_interact         trigger_7_interact
     00000008  b_CGBZeroPalette                   palette
     00000008  b_SGBTransferPalettes              palette
     00000008  b_events_init                      events
     00000008  b_music_events_poll                music_manager
     00000008  b_music_init_driver                music_manager
     00000008  b_music_init_events                music_manager
     00000008  b_palette_init                     palette
     00000008  b_restore_sram                     flasher
     00000008  b_restore_sram_bank                flasher
     00000008  b_save_sram                        flasher
     00000008  b_scroll_rect                      
     00000008  b_timers_init                      events
     00000008  b_vm_print_detect                  vm_gbprinter
     00000008  b_vm_print_overlay                 vm_gbprinter
     00000008  b_vm_projectile_launch             vm_projectiles
     00000008  b_vm_projectile_load_type          vm_projectiles
     00000008  b_vm_save_clear                    vm_load_save
     00000008  b_vm_save_peek                     vm_load_save
     00000008  b_vm_scene_pop                     vm_scene
     00000008  b_vm_scene_pop_all                 vm_scene
     00000008  b_vm_scene_push                    vm_scene
     00000008  b_vm_scene_stack_reset             vm_scene
     00000008  l__HEADER3                      
     00000009  ___bank_actor_1_interact           actor_1_interact
     00000009  ___bank_actor_22_interact          actor_22_interact
     00000009  ___bank_actor_23_interact          actor_23_interact
ASxxxx Linker V03.00/V05.40 + sdld,  page 12.
Hexadecimal  [32-Bits]

Area                                    Addr        Size        Decimal Bytes (Attributes)
--------------------------------        ----        ----        ------- ----- ------------
.  .ABS.                            00000000    00000000 =           0. bytes (ABS,CON)

      Value  Global                              Global Defined In Module
      -----  --------------------------------   ------------------------
     00000009  ___bank_actor_24_interact          actor_24_interact
     00000009  ___bank_actor_25_interact          actor_25_interact
     00000009  ___bank_actor_26_interact          actor_26_interact
     00000009  ___bank_actor_29_interact          actor_29_interact
     00000009  ___bank_actor_35_update            actor_35_update
     00000009  ___bank_actor_36_interact          actor_36_interact
     00000009  ___bank_actor_37_interact          actor_37_interact
     00000009  ___bank_actor_4_interact           actor_4_interact
     00000009  ___bank_actor_50_update            actor_50_update
     00000009  ___bank_actor_52_update            actor_52_update
     00000009  ___bank_actor_54_interact          actor_54_interact
     00000009  ___bank_actor_55_interact          actor_55_interact
     00000009  ___bank_actor_57_interact          actor_57_interact
     00000009  ___bank_actor_58_interact          actor_58_interact
     00000009  ___bank_actor_59_interact          actor_59_interact
     00000009  ___bank_actor_radio_interact       actor_radio_interact
     00000009  ___bank_bg_cave                    bg_cave
     00000009  ___bank_bg_house                   bg_house
     00000009  ___bank_bg_logo                    bg_logo
     00000009  ___bank_bg_menu                    bg_menu
     00000009  ___bank_bg_outside                 bg_outside
     00000009  ___bank_bg_paper                   bg_paper
     00000009  ___bank_bg_pawn                    bg_pawn
     00000009  ___bank_bg_stars                   bg_stars
     00000009  ___bank_bg_streets                 bg_streets
     00000009  ___bank_bg_testbg                  bg_testbg
     00000009  ___bank_bg_titlescreen             bg_titlescreen
     00000009  ___bank_bg_underground             bg_underground
     00000009  ___bank_bg_warehouse               bg_warehouse
     00000009  ___bank_bg_warehouseinside         bg_warehouseinside
     00000009  ___bank_bg_warehousesmall          bg_warehousesmall
     00000009  ___bank_bg_warehousetop            bg_warehousetop
     00000009  ___bank_bootstrap_script           
     00000009  ___bank_cursor_image               cursor_image
     00000009  ___bank_scene_10_projectiles       scene_10_projectiles
     00000009  ___bank_scene_10_sprites           scene_10_sprites
     00000009  ___bank_scene_11_projectiles       scene_11_projectiles
     00000009  ___bank_scene_11_sprites           scene_11_sprites
     00000009  ___bank_scene_12_projectiles       scene_12_projectiles
     00000009  ___bank_scene_12_sprites           scene_12_sprites
     00000009  ___bank_scene_13_projectiles       scene_13_projectiles
     00000009  ___bank_scene_13_sprites           scene_13_sprites
     00000009  ___bank_scene_13_triggers          scene_13_triggers
     00000009  ___bank_scene_14_projectiles       scene_14_projectiles
     00000009  ___bank_scene_14_sprites           scene_14_sprites
     00000009  ___bank_scene_14_triggers          scene_14_triggers
     00000009  ___bank_scene_15_projectiles       scene_15_projectiles
     00000009  ___bank_scene_15_sprites           scene_15_sprites
     00000009  ___bank_scene_16_init              scene_16_init
     00000009  ___bank_scene_9_init               scene_9_init
     00000009  ___bank_scene_cave_init            scene_cave_init
ASxxxx Linker V03.00/V05.40 + sdld,  page 13.
Hexadecimal  [32-Bits]

Area                                    Addr        Size        Decimal Bytes (Attributes)
--------------------------------        ----        ----        ------- ----- ------------
.  .ABS.                            00000000    00000000 =           0. bytes (ABS,CON)

      Value  Global                              Global Defined In Module
      -----  --------------------------------   ------------------------
     00000009  ___bank_scene_cave_sprites         scene_cave_sprites
     00000009  ___bank_scene_cave_triggers        scene_cave_triggers
     00000009  ___bank_scene_house_init           scene_house_init
     00000009  ___bank_scene_house_projectiles    scene_house_projectiles
     00000009  ___bank_scene_house_triggers       scene_house_triggers
     00000009  ___bank_scene_menu_sprites         scene_menu_sprites
     00000009  ___bank_scene_outside_sprites      scene_outside_sprites
     00000009  ___bank_scene_stars_init           scene_stars_init
     00000009  ___bank_scene_stars_sprites        scene_stars_sprites
     00000009  ___bank_scene_underground_sprite   scene_underground_sprites
     00000009  ___bank_scene_underground_trigge   scene_underground_triggers
     00000009  ___bank_script_13                  script_13
     00000009  ___bank_script_15                  script_15
     00000009  ___bank_script_5                   script_5
     00000009  ___bank_script_init_menu           script_init_menu
     00000009  ___bank_script_input_0             script_input_0
     00000009  ___bank_script_input_1             script_input_1
     00000009  ___bank_script_input_2             script_input_2
     00000009  ___bank_script_input_3             script_input_3
     00000009  ___bank_script_input_4             script_input_4
     00000009  ___bank_script_input_5             script_input_5
     00000009  ___bank_script_input_6             script_input_6
     00000009  ___bank_sprite_exteriorrail        sprite_exteriorrail
     00000009  ___bank_sprite_exteriorrail_tile   sprite_exteriorrail_tileset
     00000009  ___bank_sprite_ladder_tileset      sprite_ladder_tileset
     00000009  ___bank_sprite_locked_tileset      sprite_locked_tileset
     00000009  ___bank_sprite_shadow_copy         sprite_shadow_copy
     00000009  ___bank_sprite_shadow_tileset      sprite_shadow_tileset
     00000009  ___bank_sprite_signpost            sprite_signpost
     00000009  ___bank_sprite_silhouette          sprite_silhouette
     00000009  ___bank_sprite_torch               sprite_torch
     00000009  ___bank_spritesheet_none           spritesheet_none
     00000009  ___bank_trigger_0_interact         trigger_0_interact
     00000009  ___bank_trigger_10_interact        trigger_10_interact
     00000009  ___bank_trigger_11_interact        trigger_11_interact
     00000009  ___bank_trigger_14_interact        trigger_14_interact
     00000009  ___bank_trigger_16_interact        trigger_16_interact
     00000009  ___bank_trigger_17_interact        trigger_17_interact
     00000009  ___bank_trigger_18_interact        trigger_18_interact
     00000009  ___bank_trigger_19_interact        trigger_19_interact
     00000009  ___bank_trigger_1_interact         trigger_1_interact
     00000009  ___bank_trigger_22_interact        trigger_22_interact
     00000009  ___bank_trigger_23_interact        trigger_23_interact
     00000009  ___bank_trigger_25_interact        trigger_25_interact
     00000009  ___bank_trigger_26_interact        trigger_26_interact
     00000009  ___bank_trigger_27_interact        trigger_27_interact
     00000009  ___bank_trigger_29_interact        trigger_29_interact
     00000009  ___bank_trigger_2_interact         trigger_2_interact
     00000009  ___bank_trigger_31_interact        trigger_31_interact
     00000009  ___bank_trigger_32_interact        trigger_32_interact
     00000009  ___bank_trigger_33_interact        trigger_33_interact
ASxxxx Linker V03.00/V05.40 + sdld,  page 14.
Hexadecimal  [32-Bits]

Area                                    Addr        Size        Decimal Bytes (Attributes)
--------------------------------        ----        ----        ------- ----- ------------
.  .ABS.                            00000000    00000000 =           0. bytes (ABS,CON)

      Value  Global                              Global Defined In Module
      -----  --------------------------------   ------------------------
     00000009  ___bank_trigger_34_interact        trigger_34_interact
     00000009  ___bank_trigger_35_interact        trigger_35_interact
     00000009  ___bank_trigger_36_interact        trigger_36_interact
     00000009  ___bank_trigger_37_interact        trigger_37_interact
     00000009  ___bank_trigger_38_interact        trigger_38_interact
     00000009  ___bank_trigger_3_interact         trigger_3_interact
     00000009  ___bank_trigger_40_interact        trigger_40_interact
     00000009  ___bank_trigger_41_interact        trigger_41_interact
     00000009  ___bank_trigger_42_interact        trigger_42_interact
     00000009  ___bank_trigger_43_interact        trigger_43_interact
     00000009  ___bank_trigger_44_interact        trigger_44_interact
     00000009  ___bank_trigger_4_interact         trigger_4_interact
     00000009  ___bank_trigger_56_interact        trigger_56_interact
     00000009  ___bank_trigger_57_interact        trigger_57_interact
     00000009  ___bank_trigger_58_interact        trigger_58_interact
     00000009  ___bank_trigger_59_interact        trigger_59_interact
     00000009  ___bank_trigger_5_interact         trigger_5_interact
     00000009  ___bank_trigger_60_interact        trigger_60_interact
     00000009  ___bank_trigger_61_interact        trigger_61_interact
     00000009  ___bank_trigger_62_interact        trigger_62_interact
     00000009  ___bank_trigger_63_interact        trigger_63_interact
     00000009  ___bank_trigger_64_interact        trigger_64_interact
     00000009  ___bank_trigger_65_interact        trigger_65_interact
     00000009  ___bank_trigger_66_interact        trigger_66_interact
     00000009  ___bank_trigger_67_interact        trigger_67_interact
     00000009  ___bank_trigger_6_interact         trigger_6_interact
     00000009  ___bank_trigger_70_interact        trigger_70_interact
     00000009  ___bank_trigger_71_interact        trigger_71_interact
     00000009  ___bank_trigger_72_interact        trigger_72_interact
     00000009  ___bank_trigger_74_interact        trigger_74_interact
     00000009  ___bank_trigger_76_interact        trigger_76_interact
     00000009  ___bank_trigger_77_interact        trigger_77_interact
     00000009  ___bank_trigger_78_interact        trigger_78_interact
     00000009  ___bank_trigger_79_interact        trigger_79_interact
     00000009  ___bank_trigger_80_interact        trigger_80_interact
     00000009  ___bank_trigger_8_interact         trigger_8_interact
     00000009  ___bank_trigger_9_interact         trigger_9_interact
     00000009  b_SIO_init                         sio
     00000009  b_camera_init                      camera
     00000009  b_camera_reset                     camera
     00000009  b_input_init                       input
     00000009  b_logo_init                        logo
     00000009  b_logo_update                      logo
     00000009  b_remove_LCD_ISRs                  interrupts
     0000000C  __start_save                    
     0000001A  l__INITIALIZED                  
     0000001A  l__INITIALIZER                  
     00000027  l__GSINIT                       
     00000030  l__HEADER7                      
     00000060  l__HEADER4                      
     00000080  ___size_SGB_border_pal             border
ASxxxx Linker V03.00/V05.40 + sdld,  page 15.
Hexadecimal  [32-Bits]

Area                                    Addr        Size        Decimal Bytes (Attributes)
--------------------------------        ----        ----        ------- ----- ------------
.  .ABS.                            00000000    00000000 =           0. bytes (ABS,CON)

      Value  Global                              Global Defined In Module
      -----  --------------------------------   ------------------------
     000000AB  l__HEADER11                     
     000001CB  l__CRASH_SCRATCH2               
     00000200  s__CODE                         
     00000700  ___size_SGB_border_map             border
     00000ECB  l__CODE                         
     00001031  l__CODE_9                       
     000010CB  s__HOME                         
     00001280  ___size_SGB_border_chr             border
     00001992  l__DATA                         
     00002000  _rROMB0                            
     00002B02  l__HOME                         
     00003000  _rROMB1                            
     00003BCD  s__BASE                         
     00003BCD  s__CODE_0                       
     00003BCD  s__INITIALIZER                  
     00003BCD  s__LIT                          
     00003BE7  s__GSINIT                       
     00003C0E  s__GSFINAL                      
     00003FFE  l__CODE_2                       
     00003FFE  l__CODE_7                       
     00003FFF  l__CODE_3                       
     00004000  _RTC_SELECT_REG                    vm_rtc
     00004000  _rRAMB                             
     00004000  l__CODE_1                       
     00004000  l__CODE_4                       
     00004000  l__CODE_5                       
     00004000  l__CODE_6                       
     00004000  l__CODE_8                       
     00006000  _RTC_LATCH_REG                     vm_rtc
     00008000  __VRAM                             
     00008000  __VRAM8000                         
     00008800  __VRAM8800                         
     00009000  __VRAM9000                         
     00009800  __SCRN0                            
     00009C00  __SCRN1                            
     0000A000  _RTC_VALUE_REG                     vm_rtc
     0000A000  __SRAM                             
     0000C000  __RAM                              
     0000C000  _shadow_OAM                     
     0000C0A0  s__DATA                         
     0000D000  __RAMBANK                          
     0000DA32  s__BSS                          
     0000DA32  s__INITIALIZED                  
     0000DA4C  s__HEAP                         
     0000DA4C  s__HEAP_END                     
     0000DF00  .STACK                          
     0000DF00  _shadow_OAM2                       absolute
     0000DFA0  _BkgPalette                        absolute
     0000DFE0  _vwf_tile_data                     absolute
     0000FE00  __OAMRAM                           
     0000FF00  _P1_REG                            
ASxxxx Linker V03.00/V05.40 + sdld,  page 16.
Hexadecimal  [32-Bits]

Area                                    Addr        Size        Decimal Bytes (Attributes)
--------------------------------        ----        ----        ------- ----- ------------
.  .ABS.                            00000000    00000000 =           0. bytes (ABS,CON)

      Value  Global                              Global Defined In Module
      -----  --------------------------------   ------------------------
     0000FF00  __IO                               
     0000FF01  _SB_REG                            
     0000FF02  _SC_REG                            
     0000FF04  _DIV_REG                           
     0000FF05  _TIMA_REG                          
     0000FF06  _TMA_REG                           
     0000FF07  _TAC_REG                           
     0000FF0F  _IF_REG                            
     0000FF10  _NR10_REG                          
     0000FF11  _NR11_REG                          
     0000FF12  _NR12_REG                          
     0000FF13  _NR13_REG                          
     0000FF14  _NR14_REG                          
     0000FF16  _NR21_REG                          
     0000FF17  _NR22_REG                          
     0000FF18  _NR23_REG                          
     0000FF19  _NR24_REG                          
     0000FF1A  _NR30_REG                          
     0000FF1B  _NR31_REG                          
     0000FF1C  _NR32_REG                          
     0000FF1D  _NR33_REG                          
     0000FF1E  _NR34_REG                          
     0000FF20  _NR41_REG                          
     0000FF21  _NR42_REG                          
     0000FF22  _NR43_REG                          
     0000FF23  _NR44_REG                          
     0000FF24  _NR50_REG                          
     0000FF25  _NR51_REG                          
     0000FF26  _NR52_REG                          
     0000FF30  _AUD3WAVE                          
     0000FF30  _PCM_SAMPLE                        
     0000FF30  __AUD3WAVERAM                      
     0000FF40  _LCDC_REG                          
     0000FF41  _STAT_REG                          
     0000FF42  _SCY_REG                           
     0000FF43  _SCX_REG                           
     0000FF44  _LY_REG                            
     0000FF45  _LYC_REG                           
     0000FF46  _DMA_REG                           
     0000FF47  _BGP_REG                           
     0000FF48  _OBP0_REG                          
     0000FF49  _OBP1_REG                          
     0000FF4A  _WY_REG                            
     0000FF4B  _WX_REG                            
     0000FF4D  _KEY1_REG                          
     0000FF4F  _VBK_REG                           
     0000FF51  _HDMA1_REG                         
     0000FF52  _HDMA2_REG                         
     0000FF53  _HDMA3_REG                         
     0000FF54  _HDMA4_REG                         
     0000FF55  _HDMA5_REG                         
ASxxxx Linker V03.00/V05.40 + sdld,  page 17.
Hexadecimal  [32-Bits]

Area                                    Addr        Size        Decimal Bytes (Attributes)
--------------------------------        ----        ----        ------- ----- ------------
.  .ABS.                            00000000    00000000 =           0. bytes (ABS,CON)

      Value  Global                              Global Defined In Module
      -----  --------------------------------   ------------------------
     0000FF56  _RP_REG                            
     0000FF68  _BCPS_REG                          
     0000FF69  _BCPD_REG                          
     0000FF6A  _OCPS_REG                          
     0000FF6B  _OCPD_REG                          
     0000FF70  _SVBK_REG                          
     0000FF76  _PCM12_REG                         
     0000FF77  _PCM34_REG                         
     0000FF80  .refresh_OAM                    
     0000FF80  __HRAM                             
     0000FFFF  _IE_REG                            
     00014000  s__CODE_1                       
     00024000  s__CODE_2                       
     00034000  s__CODE_3                       
     00044000  s__CODE_4                       
     00054000  s__CODE_5                       
     00064000  s__CODE_6                       
     00074000  s__CODE_7                       
     00084000  s__CODE_8                       
     00094000  s__CODE_9                       

ASxxxx Linker V03.00/V05.40 + sdld,  page 18.
Hexadecimal  [32-Bits]

Area                                    Addr        Size        Decimal Bytes (Attributes)
--------------------------------        ----        ----        ------- ----- ------------
_CODE                               00000200    00000ECB =        3787. bytes (REL,CON)

      Value  Global                              Global Defined In Module
      -----  --------------------------------   ------------------------
     00000200  ___HandleCrash                     
     0000020A  _SIO_send_byte                     
     0000021D  _SIO_receive                       
     0000022E  _GetWinAddr                        
     00000236  _GetBkgAddr                        
     00000244  _state_init                        
     00000249  _state_update                      
     0000026B  _ui_time_masks                     
     00000273  _ui_print_shift_char               
     000002F6  _ui_draw_frame_row                 
     000002FF  .ui_draw_frame_row                 
     00000328  _script_cmds                       vm_instructions
     00000560  _save_signature                    game_signature
     00000564  _start_scene_x                     
     00000566  _start_scene_y                     
     00000568  _start_scene_dir                   
     00000569  _start_scene                       
     0000056C  _start_player_move_speed           
     0000056D  _start_player_anim_tick            
     0000056E  _ui_fonts                          
     00000571  _core_reset_hook                   main
     00000579  _main                              main
     00000581  _state_start_fns                   
     00000593  _state_update_fns                  
     000005A5  _hUGE_init                         hUGEDriver_obj
     000005A7  hUGE_init                          hUGEDriver_obj
     000005FD  _hUGE_mute_channel                 hUGEDriver_obj
     000005FF  hUGE_mute_channel                  hUGEDriver_obj
     0000084D  _hUGE_set_position                 hUGEDriver_obj
     0000084F  hUGE_set_position                  hUGEDriver_obj
     00000A14  _hUGE_dosound                      hUGEDriver_obj
     00000A14  hUGE_dosound                       hUGEDriver_obj
     00000D40  _get_vram_byte                     
     00000D48  _get_win_tile_xy                   
     00000D50  _get_bkg_tile_xy                   
     00000D77  _set_sprite_palette                CGB
     00000D7C  _set_bkg_palette                   CGB
     00000D7F  .set_palette                       CGB
     00000D9E  _set_sprite_palette_entry          CGB
     00000DA3  _set_bkg_palette_entry             CGB
     00000DA6  .set_palette_entry                 CGB
     00000DC2  _hide_sprites_range                Metasprites
     00000DF1  __mulsuchar                        mul
     00000DF4  __muluschar                        mul
     00000DFD  __mulschar                         mul
     00000E05  __mulint                           mul
     00000E24  __muluchar                         mul
     00000E36  _set_vram_byte                     
     00000E3F  _set_win_tile_xy                   
     00000E47  _set_bkg_tile_xy                   
ASxxxx Linker V03.00/V05.40 + sdld,  page 19.
Hexadecimal  [32-Bits]

Area                                    Addr        Size        Decimal Bytes (Attributes)
--------------------------------        ----        ----        ------- ----- ------------
_CODE                               00000200    00000ECB =        3787. bytes (REL,CON)

      Value  Global                              Global Defined In Module
      -----  --------------------------------   ------------------------
     00000E71  .sgb_check                         
     00000E71  _sgb_check                         
     00000EB9  _sgb_transfer                      
     00000EBE  .sgb_transfer                      
     00000EFF  .copy_vram                         
     00000F05  _get_data                          
     00000F05  _set_data                          
     00000F05  _vmemcpy                           
     00000F53  ___move_metasprite                 Metasprites
     00000F90  ___memcpy                          
     00000F90  _memcpy                            
     00000FC2  _cpu_slow                          CGB
     00000FDD  _cpu_fast                          CGB
     00000FE4  __divsuchar                        divmod
     00000FEA  __modsuchar                        divmod
     00000FF3  __divuschar                        divmod
     00000FFC  __moduschar                        divmod
     00001008  __divschar                         divmod
     0000100D  __modschar                         divmod
     00001014  __divsint                          divmod
     0000101D  __modsint                          divmod
     00001029  __divuchar                         divmod
     0000102E  __moduchar                         divmod
     00001035  __divuint                          divmod
     0000103E  __moduint                          divmod
     0000104A  .div8                              divmod
     0000104A  .mod8                              divmod
     00001052  .div16                             divmod
     00001052  .mod16                             divmod
     00001088  .divu8                             divmod
     00001088  .modu8                             divmod
     0000108B  .divu16                            divmod
     0000108B  .modu16                            divmod

ASxxxx Linker V03.00/V05.40 + sdld,  page 20.
Hexadecimal  [32-Bits]

Area                                    Addr        Size        Decimal Bytes (Attributes)
--------------------------------        ----        ----        ------- ----- ------------
_HEADER0                            00000000    00000001 =           1. bytes (ABS,CON)

      Value  Global                              Global Defined In Module
      -----  --------------------------------   ------------------------
     00000020  .call_hl                           Runtime

ASxxxx Linker V03.00/V05.40 + sdld,  page 21.
Hexadecimal  [32-Bits]

Area                                    Addr        Size        Decimal Bytes (Attributes)
--------------------------------        ----        ----        ------- ----- ------------
_HEADER1                            00000000    00000005 =           5. bytes (ABS,CON)

      Value  Global                              Global Defined In Module
      -----  --------------------------------   ------------------------
     00000028  .MemsetSmall                       Runtime

ASxxxx Linker V03.00/V05.40 + sdld,  page 22.
Hexadecimal  [32-Bits]

Area                                    Addr        Size        Decimal Bytes (Attributes)
--------------------------------        ----        ----        ------- ----- ------------
_HEADER2                            00000000    00000007 =           7. bytes (ABS,CON)

      Value  Global                              Global Defined In Module
      -----  --------------------------------   ------------------------
     00000030  .MemcpySmall                       Runtime

ASxxxx Linker V03.00/V05.40 + sdld,  page 23.
Hexadecimal  [32-Bits]

Area                                    Addr        Size        Decimal Bytes (Attributes)
--------------------------------        ----        ----        ------- ----- ------------
_HEADER3                            00000000    00000008 =           8. bytes (ABS,CON)

      Value  Global                              Global Defined In Module
      -----  --------------------------------   ------------------------
ASxxxx Linker V03.00/V05.40 + sdld,  page 24.
Hexadecimal  [32-Bits]

Area                                    Addr        Size        Decimal Bytes (Attributes)
--------------------------------        ----        ----        ------- ----- ------------
_HEADER4                            00000000    00000060 =          96. bytes (ABS,CON)

      Value  Global                              Global Defined In Module
      -----  --------------------------------   ------------------------
     00000080  .int                               Runtime
     0000008F  _wait_int_handler                  Runtime
     0000009C  __standard_VBL_handler             Runtime
     000000AB  _refresh_OAM                       Runtime
     000000CC  _set_interrupts                    Runtime

ASxxxx Linker V03.00/V05.40 + sdld,  page 25.
Hexadecimal  [32-Bits]

Area                                    Addr        Size        Decimal Bytes (Attributes)
--------------------------------        ----        ----        ------- ----- ------------
_HEADER5                            00000000    00000001 =           1. bytes (ABS,CON)

      Value  Global                              Global Defined In Module
      -----  --------------------------------   ------------------------
ASxxxx Linker V03.00/V05.40 + sdld,  page 26.
Hexadecimal  [32-Bits]

Area                                    Addr        Size        Decimal Bytes (Attributes)
--------------------------------        ----        ----        ------- ----- ------------
_HEADER6                            00000000    00000002 =           2. bytes (ABS,CON)

      Value  Global                              Global Defined In Module
      -----  --------------------------------   ------------------------
ASxxxx Linker V03.00/V05.40 + sdld,  page 27.
Hexadecimal  [32-Bits]

Area                                    Addr        Size        Decimal Bytes (Attributes)
--------------------------------        ----        ----        ------- ----- ------------
_HEADER7                            00000000    00000030 =          48. bytes (ABS,CON)

      Value  Global                              Global Defined In Module
      -----  --------------------------------   ------------------------
ASxxxx Linker V03.00/V05.40 + sdld,  page 28.
Hexadecimal  [32-Bits]

Area                                    Addr        Size        Decimal Bytes (Attributes)
--------------------------------        ----        ----        ------- ----- ------------
_HEADER8                            00000000    00000006 =           6. bytes (ABS,CON)

      Value  Global                              Global Defined In Module
      -----  --------------------------------   ------------------------
ASxxxx Linker V03.00/V05.40 + sdld,  page 29.
Hexadecimal  [32-Bits]

Area                                    Addr        Size        Decimal Bytes (Attributes)
--------------------------------        ----        ----        ------- ----- ------------
_HEADER9                            00000000    00000003 =           3. bytes (ABS,CON)

      Value  Global                              Global Defined In Module
      -----  --------------------------------   ------------------------
ASxxxx Linker V03.00/V05.40 + sdld,  page 30.
Hexadecimal  [32-Bits]

Area                                    Addr        Size        Decimal Bytes (Attributes)
--------------------------------        ----        ----        ------- ----- ------------
_HEADERa                            00000000    00000001 =           1. bytes (ABS,CON)

      Value  Global                              Global Defined In Module
      -----  --------------------------------   ------------------------
ASxxxx Linker V03.00/V05.40 + sdld,  page 31.
Hexadecimal  [32-Bits]

Area                                    Addr        Size        Decimal Bytes (Attributes)
--------------------------------        ----        ----        ------- ----- ------------
_HEADERb                            00000000    00000001 =           1. bytes (ABS,CON)

      Value  Global                              Global Defined In Module
      -----  --------------------------------   ------------------------
ASxxxx Linker V03.00/V05.40 + sdld,  page 32.
Hexadecimal  [32-Bits]

Area                                    Addr        Size        Decimal Bytes (Attributes)
--------------------------------        ----        ----        ------- ----- ------------
_HEADERc                            00000000    00000001 =           1. bytes (ABS,CON)

      Value  Global                              Global Defined In Module
      -----  --------------------------------   ------------------------
ASxxxx Linker V03.00/V05.40 + sdld,  page 33.
Hexadecimal  [32-Bits]

Area                                    Addr        Size        Decimal Bytes (Attributes)
--------------------------------        ----        ----        ------- ----- ------------
_HEADERd                            00000000    00000002 =           2. bytes (ABS,CON)

      Value  Global                              Global Defined In Module
      -----  --------------------------------   ------------------------
ASxxxx Linker V03.00/V05.40 + sdld,  page 34.
Hexadecimal  [32-Bits]

Area                                    Addr        Size        Decimal Bytes (Attributes)
--------------------------------        ----        ----        ------- ----- ------------
_HEADERe                            00000000    00000001 =           1. bytes (ABS,CON)

      Value  Global                              Global Defined In Module
      -----  --------------------------------   ------------------------
ASxxxx Linker V03.00/V05.40 + sdld,  page 35.
Hexadecimal  [32-Bits]

Area                                    Addr        Size        Decimal Bytes (Attributes)
--------------------------------        ----        ----        ------- ----- ------------
_HEADERf                            00000000    00000001 =           1. bytes (ABS,CON)

      Value  Global                              Global Defined In Module
      -----  --------------------------------   ------------------------
ASxxxx Linker V03.00/V05.40 + sdld,  page 36.
Hexadecimal  [32-Bits]

Area                                    Addr        Size        Decimal Bytes (Attributes)
--------------------------------        ----        ----        ------- ----- ------------
_HEADER10                           00000000    00000002 =           2. bytes (ABS,CON)

      Value  Global                              Global Defined In Module
      -----  --------------------------------   ------------------------
ASxxxx Linker V03.00/V05.40 + sdld,  page 37.
Hexadecimal  [32-Bits]

Area                                    Addr        Size        Decimal Bytes (Attributes)
--------------------------------        ----        ----        ------- ----- ------------
_HEADER11                           00000000    000000AB =         171. bytes (ABS,CON)

      Value  Global                              Global Defined In Module
      -----  --------------------------------   ------------------------
     00000150  .reset                             Runtime
     00000150  _reset                             Runtime
     00000157  .code_start                        Runtime
     000001B9  _exit                              Runtime
     000001BD  .wait_vbl_done                     Runtime
     000001BD  _vsync                             Runtime
     000001BD  _wait_vbl_done                     Runtime
     000001CD  .remove_VBL                        Runtime
     000001CD  _remove_VBL                        Runtime
     000001D0  .remove_int                        Runtime
     000001ED  .add_VBL                           Runtime
     000001ED  _add_VBL                           Runtime
     000001F0  .add_int                           Runtime

ASxxxx Linker V03.00/V05.40 + sdld,  page 38.
Hexadecimal  [32-Bits]

Area                                    Addr        Size        Decimal Bytes (Attributes)
--------------------------------        ----        ----        ------- ----- ------------
_HOME                               000010CB    00002B02 =       11010. bytes (REL,CON)

      Value  Global                              Global Defined In Module
      -----  --------------------------------   ------------------------
     000010CB  .memset_simple                     Runtime
     000010D4  .memcpy_simple                     Runtime
     000010F1  .display_off                       Runtime
     000010F1  _display_off                       Runtime
     00001109  _actors_update                     actor
     00001508  _SetBankedBkgData                  bankdata
     00001524  _SetBankedSpriteData               bankdata
     00001540  _SetBankedBkgTiles                 bankdata
     0000155C  _SetBankedWinTiles                 bankdata
     00001578  _ReadBankedFarPtr                  bankdata
     0000159A  _ReadBankedUWORD                   bankdata
     000015B4  _MemcpyBanked                      bankdata
     000015D6  _MemcpyVRAMBanked                  bankdata
     00001605  _IndexOfFarPtr                     bankdata
     0000168A  _camera_update                     camera
     000017BD  _load_animations                   data_manager
     00001816  _events_update                     events
     000018E9  _timers_update                     events
     00001972  _input_update                      input
     00001998  .sio_ISR                           
     000019F2  .timer_ISR                         
     00001A07  _simple_LCD_isr                    interrupts
     00001A86  _fullscreen_LCD_isr                interrupts
     00001AB2  _VBL_isr                           interrupts
     00001AFC  _isqrt                             math
     00001B59  _sine_wave                         math
     00001C59  _dir_lookup                        math
     00001C61  _dir_angle_lookup                  math
     00001C65  _hUGETrackerRoutine                music_manager
     00001C8C  _music_events_update               music_manager
     00001D0E  _music_play_isr                    music_manager
     00001DAF  _parallax_LCD_isr                  parallax
     00001DEC  _projectiles_update                projectiles
     0000226D  _projectiles_render                projectiles
     000023C2  _scroll_load_pending_row           scroll
     00002448  _scroll_load_row                   scroll
     000024BD  _scroll_load_col                   scroll
     00002526  _scroll_load_pending_col           scroll
     000025AE  _set_bkg_submap                    
     000025F1  _set_xy_win_submap                 
     0000261E  .set_xy_win_submap                 
     00002627  .set_xy_bkg_submap                 
     00002636  .set_xy_submap                     
     00002680  _sfx_play_isr                      sfx_player
     00002759  _on_SIO_receive                    sio
     00002798  _SIO_update                        sio
     000027FC  _ui_update                         ui
     00002934  _vm_sgb_transfer                   vm_sgb
     00002981  _vm_load_text                      vm_ui
     00002BD7  _vm_switch                         vm
ASxxxx Linker V03.00/V05.40 + sdld,  page 39.
Hexadecimal  [32-Bits]

Area                                    Addr        Size        Decimal Bytes (Attributes)
--------------------------------        ----        ----        ------- ----- ------------
_HOME                               000010CB    00002B02 =       11010. bytes (REL,CON)

      Value  Global                              Global Defined In Module
      -----  --------------------------------   ------------------------
     00002D08  _vm_beginthread                    vm
     00002E2C  _vm_rpn                            vm
     00003605  _vm_get_far                        vm
     00003673  _vm_call_native                    vm
     00003686  _VM_STEP                           vm
     000036F0  _script_runner_update              vm
     00003855  _fill_win_rect                     
     00003867  _rand                              
     00003867  _randw                             
     00003892  _initrand                          
[...]
                                          [ sprite_owner_tileset ]
C:/Users/steph/AppData/Local/Temp/_gbsbuild/obj/sprite_owner.rel
                                          [ sprite_owner ]
C:/Users/steph/AppData/Local/Temp/_gbsbuild/obj/sprite_player_tileset.rel
                                          [ sprite_player_tileset ]
C:/Users/steph/AppData/Local/Temp/_gbsbuild/obj/sprite_player.rel
                                          [ sprite_player ]
C:/Users/steph/AppData/Local/Temp/_gbsbuild/obj/sprite_radio_tileset.rel
                                          [ sprite_radio_tileset ]
C:/Users/steph/AppData/Local/Temp/_gbsbuild/obj/sprite_radio.rel
                                          [ sprite_radio ]
C:/Users/steph/AppData/Local/Temp/_gbsbuild/obj/sprite_rock_tileset.rel
                                          [ sprite_rock_tileset ]
C:/Users/steph/AppData/Local/Temp/_gbsbuild/obj/sprite_rock.rel
                                          [ sprite_rock ]
C:/Users/steph/AppData/Local/Temp/_gbsbuild/obj/sprite_rope_tileset.rel
                                          [ sprite_rope_tileset ]
C:/Users/steph/AppData/Local/Temp/_gbsbuild/obj/sprite_rope.rel
                                          [ sprite_rope ]
C:/Users/steph/AppData/Local/Temp/_gbsbuild/obj/sprite_sage_tileset.rel
                                          [ sprite_sage_tileset ]
C:/Users/steph/AppData/Local/Temp/_gbsbuild/obj/sprite_sage.rel
                                          [ sprite_sage ]
C:/Users/steph/AppData/Local/Temp/_gbsbuild/obj/sprite_savepoint_tileset.rel
                                          [ sprite_savepoint_tileset ]
C:/Users/steph/AppData/Local/Temp/_gbsbuild/obj/sprite_savepoint.rel
                                          [ sprite_savepoint ]
C:/Users/steph/AppData/Local/Temp/_gbsbuild/obj/sprite_shadow_copy.rel
                                          [ sprite_shadow_copy ]
C:/Users/steph/AppData/Local/Temp/_gbsbuild/obj/sprite_shadow_tileset.rel
                                          [ sprite_shadow_tileset ]
C:/Users/steph/AppData/Local/Temp/_gbsbuild/obj/sprite_shadow.rel
                                          [ sprite_shadow ]
C:/Users/steph/AppData/Local/Temp/_gbsbuild/obj/sprite_signpost_tileset.rel
                                          [ sprite_signpost_tileset ]
C:/Users/steph/AppData/Local/Temp/_gbsbuild/obj/sprite_signpost.rel
                                          [ sprite_signpost ]
C:/Users/steph/AppData/Local/Temp/_gbsbuild/obj/sprite_silhouette_tileset.rel
                                          [ sprite_silhouette_tileset ]
C:/Users/steph/AppData/Local/Temp/_gbsbuild/obj/sprite_silhouette.rel
                                          [ sprite_silhouette ]
C:/Users/steph/AppData/Local/Temp/_gbsbuild/obj/sprite_switch_tileset.rel
                                          [ sprite_switch_tileset ]
C:/Users/steph/AppData/Local/Temp/_gbsbuild/obj/sprite_switch.rel
                                          [ sprite_switch ]
C:/Users/steph/AppData/Local/Temp/_gbsbuild/obj/sprite_switch2_tileset.rel
                                          [ sprite_switch2_tileset ]
C:/Users/steph/AppData/Local/Temp/_gbsbuild/obj/sprite_switch2.rel
                                          [ sprite_switch2 ]
C:/Users/steph/AppData/Local/Temp/_gbsbuild/obj/sprite_torch_tileset.rel
                                          [ sprite_torch_tileset ]
C:/Users/steph/AppData/Local/Temp/_gbsbuild/obj/sprite_torch.rel
                                          [ sprite_torch ]
C:/Users/steph/AppData/Local/Temp/_gbsbuild/obj/spritesheet_none.rel
                                          [ spritesheet_none ]
C:/Users/steph/AppData/Local/Temp/_gbsbuild/obj/trigger_0_interact.rel
                                          [ trigger_0_interact ]
C:/Users/steph/AppData/Local/Temp/_gbsbuild/obj/trigger_1_interact.rel
                                          [ trigger_1_interact ]
C:/Users/steph/AppData/Local/Temp/_gbsbuild/obj/trigger_10_interact.rel
                                          [ trigger_10_interact ]
C:/Users/steph/AppData/Local/Temp/_gbsbuild/obj/trigger_11_interact.rel
                                          [ trigger_11_interact ]
C:/Users/steph/AppData/Local/Temp/_gbsbuild/obj/trigger_12_interact.rel
                                          [ trigger_12_interact ]
C:/Users/steph/AppData/Local/Temp/_gbsbuild/obj/trigger_13_interact.rel
                                          [ trigger_13_interact ]
C:/Users/steph/AppData/Local/Temp/_gbsbuild/obj/trigger_14_interact.rel
                                          [ trigger_14_interact ]
C:/Users/steph/AppData/Local/Temp/_gbsbuild/obj/trigger_15_interact.rel
                                          [ trigger_15_interact ]
C:/Users/steph/AppData/Local/Temp/_gbsbuild/obj/trigger_16_interact.rel
                                          [ trigger_16_interact ]
C:/Users/steph/AppData/Local/Temp/_gbsbuild/obj/trigger_17_interact.rel
                                          [ trigger_17_interact ]
C:/Users/steph/AppData/Local/Temp/_gbsbuild/obj/trigger_18_interact.rel
                                          [ trigger_18_interact ]
C:/Users/steph/AppData/Local/Temp/_gbsbuild/obj/trigger_19_interact.rel
                                          [ trigger_19_interact ]
C:/Users/steph/AppData/Local/Temp/_gbsbuild/obj/trigger_2_interact.rel
                                          [ trigger_2_interact ]
C:/Users/steph/AppData/Local/Temp/_gbsbuild/obj/trigger_20_interact.rel
                                          [ trigger_20_interact ]
C:/Users/steph/AppData/Local/Temp/_gbsbuild/obj/trigger_21_interact.rel
                                          [ trigger_21_interact ]
C:/Users/steph/AppData/Local/Temp/_gbsbuild/obj/trigger_22_interact.rel
                                          [ trigger_22_interact ]
C:/Users/steph/AppData/Local/Temp/_gbsbuild/obj/trigger_23_interact.rel
                                          [ trigger_23_interact ]
C:/Users/steph/AppData/Local/Temp/_gbsbuild/obj/trigger_24_interact.rel
                                          [ trigger_24_interact ]
C:/Users/steph/AppData/Local/Temp/_gbsbuild/obj/trigger_25_interact.rel
                                          [ trigger_25_interact ]
C:/Users/steph/AppData/Local/Temp/_gbsbuild/obj/trigger_26_interact.rel
                                          [ trigger_26_interact ]
C:/Users/steph/AppData/Local/Temp/_gbsbuild/obj/trigger_27_interact.rel
                                          [ trigger_27_interact ]
C:/Users/steph/AppData/Local/Temp/_gbsbuild/obj/trigger_28_interact.rel
                                          [ trigger_28_interact ]
C:/Users/steph/AppData/Local/Temp/_gbsbuild/obj/trigger_29_interact.rel
                                          [ trigger_29_interact ]
C:/Users/steph/AppData/Local/Temp/_gbsbuild/obj/trigger_3_interact.rel
                                          [ trigger_3_interact ]
C:/Users/steph/AppData/Local/Temp/_gbsbuild/obj/trigger_30_interact.rel
                                          [ trigger_30_interact ]
C:/Users/steph/AppData/Local/Temp/_gbsbuild/obj/trigger_31_interact.rel
                                          [ trigger_31_interact ]
C:/Users/steph/AppData/Local/Temp/_gbsbuild/obj/trigger_32_interact.rel
                                          [ trigger_32_interact ]
C:/Users/steph/AppData/Local/Temp/_gbsbuild/obj/trigger_33_interact.rel
                                          [ trigger_33_interact ]
C:/Users/steph/AppData/Local/Temp/_gbsbuild/obj/trigger_34_interact.rel
                                          [ trigger_34_interact ]
C:/Users/steph/AppData/Local/Temp/_gbsbuild/obj/trigger_35_interact.rel
                                          [ trigger_35_interact ]
C:/Users/steph/AppData/Local/Temp/_gbsbuild/obj/trigger_36_interact.rel
                                          [ trigger_36_interact ]
C:/Users/steph/AppData/Local/Temp/_gbsbuild/obj/trigger_37_interact.rel
                                          [ trigger_37_interact ]
C:/Users/steph/AppData/Local/Temp/_gbsbuild/obj/trigger_38_interact.rel
                                          [ trigger_38_interact ]
C:/Users/steph/AppData/Local/Temp/_gbsbuild/obj/trigger_39_interact.rel
                                          [ trigger_39_interact ]
C:/Users/steph/AppData/Local/Temp/_gbsbuild/obj/trigger_4_interact.rel
                                          [ trigger_4_interact ]
C:/Users/steph/AppData/Local/Temp/_gbsbuild/obj/trigger_40_interact.rel
                                          [ trigger_40_interact ]
C:/Users/steph/AppData/Local/Temp/_gbsbuild/obj/trigger_41_interact.rel
                                          [ trigger_41_interact ]
C:/Users/steph/AppData/Local/Temp/_gbsbuild/obj/trigger_42_interact.rel
                                          [ trigger_42_interact ]
C:/Users/steph/AppData/Local/Temp/_gbsbuild/obj/trigger_43_interact.rel
                                          [ trigger_43_interact ]
C:/Users/steph/AppData/Local/Temp/_gbsbuild/obj/trigger_44_interact.rel
                                          [ trigger_44_interact ]
C:/Users/steph/AppData/Local/Temp/_gbsbuild/obj/trigger_45_interact.rel
                                          [ trigger_45_interact ]
C:/Users/steph/AppData/Local/Temp/_gbsbuild/obj/trigger_46_interact.rel
                                          [ trigger_46_interact ]
C:/Users/steph/AppData/Local/Temp/_gbsbuild/obj/trigger_47_interact.rel
                                          [ trigger_47_interact ]
C:/Users/steph/AppData/Local/Temp/_gbsbuild/obj/trigger_48_interact.rel
                                          [ trigger_48_interact ]
C:/Users/steph/AppData/Local/Temp/_gbsbuild/obj/trigger_49_interact.rel
                                          [ trigger_49_interact ]
C:/Users/steph/AppData/Local/Temp/_gbsbuild/obj/trigger_5_interact.rel
                                          [ trigger_5_interact ]
C:/Users/steph/AppData/Local/Temp/_gbsbuild/obj/trigger_50_interact.rel
                                          [ trigger_50_interact ]
C:/Users/steph/AppData/Local/Temp/_gbsbuild/obj/trigger_51_interact.rel
                                          [ trigger_51_interact ]
C:/Users/steph/AppData/Local/Temp/_gbsbuild/obj/trigger_52_interact.rel
                                          [ trigger_52_interact ]
C:/Users/steph/AppData/Local/Temp/_gbsbuild/obj/trigger_53_interact.rel
                                          [ trigger_53_interact ]
C:/Users/steph/AppData/Local/Temp/_gbsbuild/obj/trigger_54_interact.rel
                                          [ trigger_54_interact ]
C:/Users/steph/AppData/Local/Temp/_gbsbuild/obj/trigger_55_interact.rel
                                          [ trigger_55_interact ]
C:/Users/steph/AppData/Local/Temp/_gbsbuild/obj/trigger_56_interact.rel
                                          [ trigger_56_interact ]
C:/Users/steph/AppData/Local/Temp/_gbsbuild/obj/trigger_57_interact.rel
                                          [ trigger_57_interact ]
C:/Users/steph/AppData/Local/Temp/_gbsbuild/obj/trigger_58_interact.rel
                                          [ trigger_58_interact ]
C:/Users/steph/AppData/Local/Temp/_gbsbuild/obj/trigger_59_interact.rel
                                          [ trigger_59_interact ]
C:/Users/steph/AppData/Local/Temp/_gbsbuild/obj/trigger_6_interact.rel
                                          [ trigger_6_interact ]
C:/Users/steph/AppData/Local/Temp/_gbsbuild/obj/trigger_60_interact.rel
                                          [ trigger_60_interact ]
C:/Users/steph/AppData/Local/Temp/_gbsbuild/obj/trigger_61_interact.rel
                                          [ trigger_61_interact ]
C:/Users/steph/AppData/Local/Temp/_gbsbuild/obj/trigger_62_interact.rel
                                          [ trigger_62_interact ]
C:/Users/steph/AppData/Local/Temp/_gbsbuild/obj/trigger_63_interact.rel
                                          [ trigger_63_interact ]
C:/Users/steph/AppData/Local/Temp/_gbsbuild/obj/trigger_64_interact.rel
                                          [ trigger_64_interact ]
C:/Users/steph/AppData/Local/Temp/_gbsbuild/obj/trigger_65_interact.rel
                                          [ trigger_65_interact ]
C:/Users/steph/AppData/Local/Temp/_gbsbuild/obj/trigger_66_interact.rel
                                          [ trigger_66_interact ]
C:/Users/steph/AppData/Local/Temp/_gbsbuild/obj/trigger_67_interact.rel
                                          [ trigger_67_interact ]
C:/Users/steph/AppData/Local/Temp/_gbsbuild/obj/trigger_68_interact.rel
                                          [ trigger_68_interact ]
C:/Users/steph/AppData/Local/Temp/_gbsbuild/obj/trigger_69_interact.rel
                                          [ trigger_69_interact ]
C:/Users/steph/AppData/Local/Temp/_gbsbuild/obj/trigger_7_interact.rel
                                          [ trigger_7_interact ]
C:/Users/steph/AppData/Local/Temp/_gbsbuild/obj/trigger_70_interact.rel
                                          [ trigger_70_interact ]
C:/Users/steph/AppData/Local/Temp/_gbsbuild/obj/trigger_71_interact.rel
                                          [ trigger_71_interact ]
C:/Users/steph/AppData/Local/Temp/_gbsbuild/obj/trigger_72_interact.rel
                                          [ trigger_72_interact ]
C:/Users/steph/AppData/Local/Temp/_gbsbuild/obj/trigger_73_interact.rel
                                          [ trigger_73_interact ]
C:/Users/steph/AppData/Local/Temp/_gbsbuild/obj/trigger_74_interact.rel
                                          [ trigger_74_interact ]
C:/Users/steph/AppData/Local/Temp/_gbsbuild/obj/trigger_75_interact.rel
                                          [ trigger_75_interact ]
C:/Users/steph/AppData/Local/Temp/_gbsbuild/obj/trigger_76_interact.rel
                                          [ trigger_76_interact ]
C:/Users/steph/AppData/Local/Temp/_gbsbuild/obj/trigger_77_interact.rel
                                          [ trigger_77_interact ]
C:/Users/steph/AppData/Local/Temp/_gbsbuild/obj/trigger_78_interact.rel
                                          [ trigger_78_interact ]
C:/Users/steph/AppData/Local/Temp/_gbsbuild/obj/trigger_79_interact.rel
                                          [ trigger_79_interact ]
C:/Users/steph/AppData/Local/Temp/_gbsbuild/obj/trigger_8_interact.rel
                                          [ trigger_8_interact ]
C:/Users/steph/AppData/Local/Temp/_gbsbuild/obj/trigger_80_interact.rel
                                          [ trigger_80_interact ]
C:/Users/steph/AppData/Local/Temp/_gbsbuild/obj/trigger_9_interact.rel
                                          [ trigger_9_interact ]
C:/Users/steph/AppData/Local/Temp/_gbsbuild/obj/main.rel
                                          [ main ]
C:/Users/steph/AppData/Local/Temp/_gbsbuild/obj/adventure.rel
                                          [ adventure ]
C:/Users/steph/AppData/Local/Temp/_gbsbuild/obj/logo.rel
                                          [ logo ]
C:/Users/steph/AppData/Local/Temp/_gbsbuild/obj/platform.rel
                                          [ platform ]
C:/Users/steph/AppData/Local/Temp/_gbsbuild/obj/pointnclick.rel
                                          [ pointnclick ]
C:/Users/steph/AppData/Local/Temp/_gbsbuild/obj/shmup.rel
                                          [ shmup ]
C:/Users/steph/AppData/Local/Temp/_gbsbuild/obj/states_ptrs.rel
                                          [  ]
C:/Users/steph/AppData/Local/Temp/_gbsbuild/obj/topdown.rel
                                          [ topdown ]


Libraries Linked                          [ object file ]

C:\Users\steph\AppData\Local\Temp/_gbstools/gbdk/lib/gb/gb.lib
                                          [ fill_rect_wi.o ]
C:\Users\steph\AppData\Local\Temp/_gbstools/gbdk/lib/sm83/sm83.lib
                                          [ rand.o ]
lib/hUGEDriver.lib                        [ hUGEDriver.o ]
C:\Users\steph\AppData\Local\Temp/_gbstools/gbdk/lib/gb/gb.lib
                                          [ sfr.o ]
C:\Users\steph\AppData\Local\Temp/_gbstools/gbdk/lib/gb/gb.lib
                                          [ get_data.o ]
C:\Users\steph\AppData\Local\Temp/_gbstools/gbdk/lib/gb/gb.lib
                                          [ get_tile.o ]
C:\Users\steph\AppData\Local\Temp/_gbstools/gbdk/lib/gb/gb.lib
                                          [ cgb_palettes.o ]
C:\Users\steph\AppData\Local\Temp/_gbstools/gbdk/lib/gb/gb.lib
                                          [ metasprites_hide_spr.o ]
C:\Users\steph\AppData\Local\Temp/_gbstools/gbdk/lib/sm83/sm83.lib
                                          [ mul.o ]
C:\Users\steph\AppData\Local\Temp/_gbstools/gbdk/lib/gb/gb.lib
                                          [ set_tile.o ]
C:\Users\steph\AppData\Local\Temp/_gbstools/gbdk/lib/sm83/sm83.lib
                                          [ abs.o ]
C:\Users\steph\AppData\Local\Temp/_gbstools/gbdk/lib/gb/gb.lib
                                          [ set_wi_t.o ]
C:\Users\steph\AppData\Local\Temp/_gbstools/gbdk/lib/gb/gb.lib
                                          [ set_data.o ]
C:\Users\steph\AppData\Local\Temp/_gbstools/gbdk/lib/sm83/sm83.lib
                                          [ reverse.o ]
C:\Users\steph\AppData\Local\Temp/_gbstools/gbdk/lib/gb/gb.lib
                                          [ far_ptr.o ]
C:\Users\steph\AppData\Local\Temp/_gbstools/gbdk/lib/gb/gb.lib
                                          [ sgb.o ]
C:\Users\steph\AppData\Local\Temp/_gbstools/gbdk/lib/gb/gb.lib
                                          [ lcd.o ]
C:\Users\steph\AppData\Local\Temp/_gbstools/gbdk/lib/gb/gb.lib
                                          [ fill_rect.o ]
C:\Users\steph\AppData\Local\Temp/_gbstools/gbdk/lib/gb/gb.lib
                                          [ pad_ex.o ]
C:\Users\steph\AppData\Local\Temp/_gbstools/gbdk/lib/gb/gb.lib
                                          [ cpy_data.o ]
C:\Users\steph\AppData\Local\Temp/_gbstools/gbdk/lib/gb/gb.lib
                                          [ fill_rect_bk.o ]
C:\Users\steph\AppData\Local\Temp/_gbstools/gbdk/lib/gb/gb.lib
                                          [ metasprites.o ]
C:\Users\steph\AppData\Local\Temp/_gbstools/gbdk/lib/sm83/sm83.lib
                                          [ __sdcc_call_hl.o ]
C:\Users\steph\AppData\Local\Temp/_gbstools/gbdk/lib/sm83/sm83.lib
                                          [ memcpy.o ]
C:\Users\steph\AppData\Local\Temp/_gbstools/gbdk/lib/sm83/sm83.lib
                                          [ _memset.o ]
C:\Users\steph\AppData\Local\Temp/_gbstools/gbdk/lib/gb/gb.lib
                                          [ set_xy_t.o ]
C:\Users\steph\AppData\Local\Temp/_gbstools/gbdk/lib/gb/gb.lib
                                          [ ___sdcc_bcall_ehl.o ]
C:\Users\steph\AppData\Local\Temp/_gbstools/gbdk/lib/gb/gb.lib
                                          [ cgb.o ]
C:\Users\steph\AppData\Local\Temp/_gbstools/gbdk/lib/sm83/sm83.lib
                                          [ div.o ]
C:\Users\steph\AppData\Local\Temp/_gbstools/gbdk/lib/gb/gb.lib
                                          [ set_bk_t.o ]

ASxxxx Linker V03.00/V05.40 + sdld,  page 81.

User Base Address Definitions

_DATA=0xC0A0
_CODE=0x0200
ASxxxx Linker V03.00/V05.40 + sdld,  page 82.

User Global Definitions

.STACK=0xDF00
_shadow_OAM=0xC000
.refresh_OAM=0xFF80
__start_save=12

